Archive member included to satisfy reference by file (symbol)

c:/st/stm32cubeide_1.10.1/stm32cubeide/plugins/com.st.stm32cube.ide.mcu.externaltools.gnu-tools-for-stm32.10.3-2021.10.win32_1.0.0.202111181127/tools/bin/../lib/gcc/arm-none-eabi/10.3.1/../../../../arm-none-eabi/lib/thumb/v7e-m+fp/hard\libc_nano.a(lib_a-errno.o)
                              ./Core/Src/syscalls.o (__errno)
c:/st/stm32cubeide_1.10.1/stm32cubeide/plugins/com.st.stm32cube.ide.mcu.externaltools.gnu-tools-for-stm32.10.3-2021.10.win32_1.0.0.202111181127/tools/bin/../lib/gcc/arm-none-eabi/10.3.1/../../../../arm-none-eabi/lib/thumb/v7e-m+fp/hard\libc_nano.a(lib_a-exit.o)
                              c:/st/stm32cubeide_1.10.1/stm32cubeide/plugins/com.st.stm32cube.ide.mcu.externaltools.gnu-tools-for-stm32.10.3-2021.10.win32_1.0.0.202111181127/tools/bin/../lib/gcc/arm-none-eabi/10.3.1/../../../../arm-none-eabi/lib/thumb/v7e-m+fp/hard/crt0.o (exit)
c:/st/stm32cubeide_1.10.1/stm32cubeide/plugins/com.st.stm32cube.ide.mcu.externaltools.gnu-tools-for-stm32.10.3-2021.10.win32_1.0.0.202111181127/tools/bin/../lib/gcc/arm-none-eabi/10.3.1/../../../../arm-none-eabi/lib/thumb/v7e-m+fp/hard\libc_nano.a(lib_a-impure.o)
                              c:/st/stm32cubeide_1.10.1/stm32cubeide/plugins/com.st.stm32cube.ide.mcu.externaltools.gnu-tools-for-stm32.10.3-2021.10.win32_1.0.0.202111181127/tools/bin/../lib/gcc/arm-none-eabi/10.3.1/../../../../arm-none-eabi/lib/thumb/v7e-m+fp/hard\libc_nano.a(lib_a-exit.o) (_global_impure_ptr)
c:/st/stm32cubeide_1.10.1/stm32cubeide/plugins/com.st.stm32cube.ide.mcu.externaltools.gnu-tools-for-stm32.10.3-2021.10.win32_1.0.0.202111181127/tools/bin/../lib/gcc/arm-none-eabi/10.3.1/../../../../arm-none-eabi/lib/thumb/v7e-m+fp/hard\libc_nano.a(lib_a-init.o)
                              c:/st/stm32cubeide_1.10.1/stm32cubeide/plugins/com.st.stm32cube.ide.mcu.externaltools.gnu-tools-for-stm32.10.3-2021.10.win32_1.0.0.202111181127/tools/bin/../lib/gcc/arm-none-eabi/10.3.1/../../../../arm-none-eabi/lib/thumb/v7e-m+fp/hard/crt0.o (__libc_init_array)
c:/st/stm32cubeide_1.10.1/stm32cubeide/plugins/com.st.stm32cube.ide.mcu.externaltools.gnu-tools-for-stm32.10.3-2021.10.win32_1.0.0.202111181127/tools/bin/../lib/gcc/arm-none-eabi/10.3.1/../../../../arm-none-eabi/lib/thumb/v7e-m+fp/hard\libc_nano.a(lib_a-memset.o)
                              c:/st/stm32cubeide_1.10.1/stm32cubeide/plugins/com.st.stm32cube.ide.mcu.externaltools.gnu-tools-for-stm32.10.3-2021.10.win32_1.0.0.202111181127/tools/bin/../lib/gcc/arm-none-eabi/10.3.1/../../../../arm-none-eabi/lib/thumb/v7e-m+fp/hard/crt0.o (memset)
c:/st/stm32cubeide_1.10.1/stm32cubeide/plugins/com.st.stm32cube.ide.mcu.externaltools.gnu-tools-for-stm32.10.3-2021.10.win32_1.0.0.202111181127/tools/bin/../lib/gcc/arm-none-eabi/10.3.1/thumb/v7e-m+fp/hard\libgcc.a(_arm_muldf3.o)
                              ./Core/Src/shooter.o (__aeabi_dmul)
c:/st/stm32cubeide_1.10.1/stm32cubeide/plugins/com.st.stm32cube.ide.mcu.externaltools.gnu-tools-for-stm32.10.3-2021.10.win32_1.0.0.202111181127/tools/bin/../lib/gcc/arm-none-eabi/10.3.1/thumb/v7e-m+fp/hard\libgcc.a(_arm_addsubdf3.o)
                              ./Core/Src/shooter_base.o (__aeabi_dsub)
c:/st/stm32cubeide_1.10.1/stm32cubeide/plugins/com.st.stm32cube.ide.mcu.externaltools.gnu-tools-for-stm32.10.3-2021.10.win32_1.0.0.202111181127/tools/bin/../lib/gcc/arm-none-eabi/10.3.1/thumb/v7e-m+fp/hard\libgcc.a(_arm_muldivdf3.o)
                              ./Core/Src/shooter.o (__aeabi_ddiv)
c:/st/stm32cubeide_1.10.1/stm32cubeide/plugins/com.st.stm32cube.ide.mcu.externaltools.gnu-tools-for-stm32.10.3-2021.10.win32_1.0.0.202111181127/tools/bin/../lib/gcc/arm-none-eabi/10.3.1/thumb/v7e-m+fp/hard\libgcc.a(_arm_cmpdf2.o)
                              ./Core/Src/shooter_base.o (__aeabi_dcmpeq)
c:/st/stm32cubeide_1.10.1/stm32cubeide/plugins/com.st.stm32cube.ide.mcu.externaltools.gnu-tools-for-stm32.10.3-2021.10.win32_1.0.0.202111181127/tools/bin/../lib/gcc/arm-none-eabi/10.3.1/thumb/v7e-m+fp/hard\libgcc.a(_arm_fixunsdfsi.o)
                              ./Core/Src/shooter_base.o (__aeabi_d2uiz)
c:/st/stm32cubeide_1.10.1/stm32cubeide/plugins/com.st.stm32cube.ide.mcu.externaltools.gnu-tools-for-stm32.10.3-2021.10.win32_1.0.0.202111181127/tools/bin/../lib/gcc/arm-none-eabi/10.3.1/thumb/v7e-m+fp/hard\libgcc.a(_aeabi_uldivmod.o)
                              ./Drivers/STM32F4xx_HAL_Driver/Src/stm32f4xx_hal_rcc.o (__aeabi_uldivmod)
c:/st/stm32cubeide_1.10.1/stm32cubeide/plugins/com.st.stm32cube.ide.mcu.externaltools.gnu-tools-for-stm32.10.3-2021.10.win32_1.0.0.202111181127/tools/bin/../lib/gcc/arm-none-eabi/10.3.1/thumb/v7e-m+fp/hard\libgcc.a(_udivmoddi4.o)
                              c:/st/stm32cubeide_1.10.1/stm32cubeide/plugins/com.st.stm32cube.ide.mcu.externaltools.gnu-tools-for-stm32.10.3-2021.10.win32_1.0.0.202111181127/tools/bin/../lib/gcc/arm-none-eabi/10.3.1/thumb/v7e-m+fp/hard\libgcc.a(_aeabi_uldivmod.o) (__udivmoddi4)
[...]
Memory Configuration

Name             Origin             Length             Attributes
RAM              0x0000000020000000 0x0000000000020000 xrw
FLASH            0x0000000008000000 0x0000000000080000 xr
*default*        0x0000000000000000 0xffffffffffffffff

Linker script and memory map

LOAD c:/st/stm32cubeide_1.10.1/stm32cubeide/plugins/com.st.stm32cube.ide.mcu.externaltools.gnu-tools-for-stm32.10.3-2021.10.win32_1.0.0.202111181127/tools/bin/../lib/gcc/arm-none-eabi/10.3.1/thumb/v7e-m+fp/hard/crti.o
LOAD c:/st/stm32cubeide_1.10.1/stm32cubeide/plugins/com.st.stm32cube.ide.mcu.externaltools.gnu-tools-for-stm32.10.3-2021.10.win32_1.0.0.202111181127/tools/bin/../lib/gcc/arm-none-eabi/10.3.1/thumb/v7e-m+fp/hard/crtbegin.o
LOAD c:/st/stm32cubeide_1.10.1/stm32cubeide/plugins/com.st.stm32cube.ide.mcu.externaltools.gnu-tools-for-stm32.10.3-2021.10.win32_1.0.0.202111181127/tools/bin/../lib/gcc/arm-none-eabi/10.3.1/../../../../arm-none-eabi/lib/thumb/v7e-m+fp/hard/crt0.o
LOAD ./Core/Src/TIM_IT.o
LOAD ./Core/Src/main.o
LOAD ./Core/Src/mainpp.o
LOAD ./Core/Src/shooter.o
LOAD ./Core/Src/shooter_base.o
LOAD ./Core/Src/stm32f4xx_hal_msp.o
LOAD ./Core/Src/stm32f4xx_it.o
LOAD ./Core/Src/syscalls.o
LOAD ./Core/Src/sysmem.o
LOAD ./Core/Src/system_stm32f4xx.o
LOAD ./Core/Startup/startup_stm32f446retx.o
LOAD ./Drivers/STM32F4xx_HAL_Driver/Src/stm32f4xx_hal.o
LOAD ./Drivers/STM32F4xx_HAL_Driver/Src/stm32f4xx_hal_cortex.o
LOAD ./Drivers/STM32F4xx_HAL_Driver/Src/stm32f4xx_hal_dma.o
LOAD ./Drivers/STM32F4xx_HAL_Driver/Src/stm32f4xx_hal_dma_ex.o
LOAD ./Drivers/STM32F4xx_HAL_Driver/Src/stm32f4xx_hal_exti.o
LOAD ./Drivers/STM32F4xx_HAL_Driver/Src/stm32f4xx_hal_flash.o
LOAD ./Drivers/STM32F4xx_HAL_Driver/Src/stm32f4xx_hal_flash_ex.o
LOAD ./Drivers/STM32F4xx_HAL_Driver/Src/stm32f4xx_hal_flash_ramfunc.o
LOAD ./Drivers/STM32F4xx_HAL_Driver/Src/stm32f4xx_hal_gpio.o
LOAD ./Drivers/STM32F4xx_HAL_Driver/Src/stm32f4xx_hal_pwr.o
LOAD ./Drivers/STM32F4xx_HAL_Driver/Src/stm32f4xx_hal_pwr_ex.o
LOAD ./Drivers/STM32F4xx_HAL_Driver/Src/stm32f4xx_hal_rcc.o
LOAD ./Drivers/STM32F4xx_HAL_Driver/Src/stm32f4xx_hal_rcc_ex.o
LOAD ./Drivers/STM32F4xx_HAL_Driver/Src/stm32f4xx_hal_tim.o
LOAD ./Drivers/STM32F4xx_HAL_Driver/Src/stm32f4xx_hal_tim_ex.o
START GROUP
LOAD c:/st/stm32cubeide_1.10.1/stm32cubeide/plugins/com.st.stm32cube.ide.mcu.externaltools.gnu-tools-for-stm32.10.3-2021.10.win32_1.0.0.202111181127/tools/bin/../lib/gcc/arm-none-eabi/10.3.1/../../../../arm-none-eabi/lib/thumb/v7e-m+fp/hard\libstdc++_nano.a
LOAD c:/st/stm32cubeide_1.10.1/stm32cubeide/plugins/com.st.stm32cube.ide.mcu.externaltools.gnu-tools-for-stm32.10.3-2021.10.win32_1.0.0.202111181127/tools/bin/../lib/gcc/arm-none-eabi/10.3.1/../../../../arm-none-eabi/lib/thumb/v7e-m+fp/hard\libsupc++_nano.a
END GROUP
LOAD c:/st/stm32cubeide_1.10.1/stm32cubeide/plugins/com.st.stm32cube.ide.mcu.externaltools.gnu-tools-for-stm32.10.3-2021.10.win32_1.0.0.202111181127/tools/bin/../lib/gcc/arm-none-eabi/10.3.1/../../../../arm-none-eabi/lib/thumb/v7e-m+fp/hard\libstdc++_nano.a
LOAD c:/st/stm32cubeide_1.10.1/stm32cubeide/plugins/com.st.stm32cube.ide.mcu.externaltools.gnu-tools-for-stm32.10.3-2021.10.win32_1.0.0.202111181127/tools/bin/../lib/gcc/arm-none-eabi/10.3.1/../../../../arm-none-eabi/lib/thumb/v7e-m+fp/hard\libm.a
LOAD c:/st/stm32cubeide_1.10.1/stm32cubeide/plugins/com.st.stm32cube.ide.mcu.externaltools.gnu-tools-for-stm32.10.3-2021.10.win32_1.0.0.202111181127/tools/bin/../lib/gcc/arm-none-eabi/10.3.1/../../../../arm-none-eabi/lib/thumb/v7e-m+fp/hard\libc_nano.a
START GROUP
LOAD c:/st/stm32cubeide_1.10.1/stm32cubeide/plugins/com.st.stm32cube.ide.mcu.externaltools.gnu-tools-for-stm32.10.3-2021.10.win32_1.0.0.202111181127/tools/bin/../lib/gcc/arm-none-eabi/10.3.1/thumb/v7e-m+fp/hard\libgcc.a
LOAD c:/st/stm32cubeide_1.10.1/stm32cubeide/plugins/com.st.stm32cube.ide.mcu.externaltools.gnu-tools-for-stm32.10.3-2021.10.win32_1.0.0.202111181127/tools/bin/../lib/gcc/arm-none-eabi/10.3.1/../../../../arm-none-eabi/lib/thumb/v7e-m+fp/hard\libc_nano.a
END GROUP
START GROUP
LOAD c:/st/stm32cubeide_1.10.1/stm32cubeide/plugins/com.st.stm32cube.ide.mcu.externaltools.gnu-tools-for-stm32.10.3-2021.10.win32_1.0.0.202111181127/tools/bin/../lib/gcc/arm-none-eabi/10.3.1/thumb/v7e-m+fp/hard\libgcc.a
LOAD c:/st/stm32cubeide_1.10.1/stm32cubeide/plugins/com.st.stm32cube.ide.mcu.externaltools.gnu-tools-for-stm32.10.3-2021.10.win32_1.0.0.202111181127/tools/bin/../lib/gcc/arm-none-eabi/10.3.1/../../../../arm-none-eabi/lib/thumb/v7e-m+fp/hard\libc_nano.a
LOAD c:/st/stm32cubeide_1.10.1/stm32cubeide/plugins/com.st.stm32cube.ide.mcu.externaltools.gnu-tools-for-stm32.10.3-2021.10.win32_1.0.0.202111181127/tools/bin/../lib/gcc/arm-none-eabi/10.3.1/../../../../arm-none-eabi/lib/thumb/v7e-m+fp/hard\libnosys.a
END GROUP
START GROUP
LOAD c:/st/stm32cubeide_1.10.1/stm32cubeide/plugins/com.st.stm32cube.ide.mcu.externaltools.gnu-tools-for-stm32.10.3-2021.10.win32_1.0.0.202111181127/tools/bin/../lib/gcc/arm-none-eabi/10.3.1/thumb/v7e-m+fp/hard\libgcc.a
LOAD c:/st/stm32cubeide_1.10.1/stm32cubeide/plugins/com.st.stm32cube.ide.mcu.externaltools.gnu-tools-for-stm32.10.3-2021.10.win32_1.0.0.202111181127/tools/bin/../lib/gcc/arm-none-eabi/10.3.1/../../../../arm-none-eabi/lib/thumb/v7e-m+fp/hard\libc_nano.a
LOAD c:/st/stm32cubeide_1.10.1/stm32cubeide/plugins/com.st.stm32cube.ide.mcu.externaltools.gnu-tools-for-stm32.10.3-2021.10.win32_1.0.0.202111181127/tools/bin/../lib/gcc/arm-none-eabi/10.3.1/../../../../arm-none-eabi/lib/thumb/v7e-m+fp/hard\libnosys.a
END GROUP
LOAD c:/st/stm32cubeide_1.10.1/stm32cubeide/plugins/com.st.stm32cube.ide.mcu.externaltools.gnu-tools-for-stm32.10.3-2021.10.win32_1.0.0.202111181127/tools/bin/../lib/gcc/arm-none-eabi/10.3.1/thumb/v7e-m+fp/hard/crtend.o
LOAD c:/st/stm32cubeide_1.10.1/stm32cubeide/plugins/com.st.stm32cube.ide.mcu.externaltools.gnu-tools-for-stm32.10.3-2021.10.win32_1.0.0.202111181127/tools/bin/../lib/gcc/arm-none-eabi/10.3.1/thumb/v7e-m+fp/hard/crtn.o
                0x0000000020020000                _estack = (ORIGIN (RAM) + LENGTH (RAM))
                0x0000000000000200                _Min_Heap_Size = 0x200
                0x0000000000000400                _Min_Stack_Size = 0x400

.isr_vector     0x0000000008000000      0x1c4
                0x0000000008000000                . = ALIGN (0x4)
 *(.isr_vector)
 .isr_vector    0x0000000008000000      0x1c4 ./Core/Startup/startup_stm32f446retx.o
                0x0000000008000000                g_pfnVectors
                0x00000000080001c4                . = ALIGN (0x4)

.text           0x00000000080001c8     0x44f4
                0x00000000080001c8                . = ALIGN (0x4)
 *(.text)
 .text          0x00000000080001c8       0x40 c:/st/stm32cubeide_1.10.1/stm32cubeide/plugins/com.st.stm32cube.ide.mcu.externaltools.gnu-tools-for-stm32.10.3-2021.10.win32_1.0.0.202111181127/tools/bin/../lib/gcc/arm-none-eabi/10.3.1/thumb/v7e-m+fp/hard/crtbegin.o
 .text          0x0000000008000208      0x378 c:/st/stm32cubeide_1.10.1/stm32cubeide/plugins/com.st.stm32cube.ide.mcu.externaltools.gnu-tools-for-stm32.10.3-2021.10.win32_1.0.0.202111181127/tools/bin/../lib/gcc/arm-none-eabi/10.3.1/thumb/v7e-m+fp/hard\libgcc.a(_arm_addsubdf3.o)
                0x0000000008000208                __aeabi_drsub
                0x0000000008000210                __aeabi_dsub
                0x0000000008000210                __subdf3
                0x0000000008000214                __aeabi_dadd
                0x0000000008000214                __adddf3
                0x000000000800048c                __floatunsidf
                0x000000000800048c                __aeabi_ui2d
                0x00000000080004ac                __floatsidf
                0x00000000080004ac                __aeabi_i2d
                0x00000000080004d0                __aeabi_f2d
                0x00000000080004d0                __extendsfdf2
                0x0000000008000514                __floatundidf
                0x0000000008000514                __aeabi_ul2d
                0x0000000008000524                __floatdidf
                0x0000000008000524                __aeabi_l2d
 .text          0x0000000008000580      0x424 c:/st/stm32cubeide_1.10.1/stm32cubeide/plugins/com.st.stm32cube.ide.mcu.externaltools.gnu-tools-for-stm32.10.3-2021.10.win32_1.0.0.202111181127/tools/bin/../lib/gcc/arm-none-eabi/10.3.1/thumb/v7e-m+fp/hard\libgcc.a(_arm_muldivdf3.o)
                0x0000000008000580                __aeabi_dmul
                0x0000000008000580                __muldf3
                0x00000000080007d4                __divdf3
                0x00000000080007d4                __aeabi_ddiv
 .text          0x00000000080009a4      0x110 c:/st/stm32cubeide_1.10.1/stm32cubeide/plugins/com.st.stm32cube.ide.mcu.externaltools.gnu-tools-for-stm32.10.3-2021.10.win32_1.0.0.202111181127/tools/bin/../lib/gcc/arm-none-eabi/10.3.1/thumb/v7e-m+fp/hard\libgcc.a(_arm_cmpdf2.o)
                0x00000000080009a4                __gtdf2
                0x00000000080009a4                __gedf2
                0x00000000080009ac                __ltdf2
                0x00000000080009ac                __ledf2
                0x00000000080009b4                __nedf2
                0x00000000080009b4                __eqdf2
                0x00000000080009b4                __cmpdf2
                0x0000000008000a30                __aeabi_cdrcmple
                0x0000000008000a40                __aeabi_cdcmpeq
                0x0000000008000a40                __aeabi_cdcmple
                0x0000000008000a50                __aeabi_dcmpeq
                0x0000000008000a64                __aeabi_dcmplt
                0x0000000008000a78                __aeabi_dcmple
                0x0000000008000a8c                __aeabi_dcmpge
                0x0000000008000aa0                __aeabi_dcmpgt
 .text          0x0000000008000ab4       0x40 c:/st/stm32cubeide_1.10.1/stm32cubeide/plugins/com.st.stm32cube.ide.mcu.externaltools.gnu-tools-for-stm32.10.3-2021.10.win32_1.0.0.202111181127/tools/bin/../lib/gcc/arm-none-eabi/10.3.1/thumb/v7e-m+fp/hard\libgcc.a(_arm_fixunsdfsi.o)
                0x0000000008000ab4                __aeabi_d2uiz
                0x0000000008000ab4                __fixunsdfsi
 .text          0x0000000008000af4       0x30 c:/st/stm32cubeide_1.10.1/stm32cubeide/plugins/com.st.stm32cube.ide.mcu.externaltools.gnu-tools-for-stm32.10.3-2021.10.win32_1.0.0.202111181127/tools/bin/../lib/gcc/arm-none-eabi/10.3.1/thumb/v7e-m+fp/hard\libgcc.a(_aeabi_uldivmod.o)
                0x0000000008000af4                __aeabi_uldivmod
 .text          0x0000000008000b24      0x2d0 c:/st/stm32cubeide_1.10.1/stm32cubeide/plugins/com.st.stm32cube.ide.mcu.externaltools.gnu-tools-for-stm32.10.3-2021.10.win32_1.0.0.202111181127/tools/bin/../lib/gcc/arm-none-eabi/10.3.1/thumb/v7e-m+fp/hard\libgcc.a(_udivmoddi4.o)
                0x0000000008000b24                __udivmoddi4
 .text          0x0000000008000df4        0x4 c:/st/stm32cubeide_1.10.1/stm32cubeide/plugins/com.st.stm32cube.ide.mcu.externaltools.gnu-tools-for-stm32.10.3-2021.10.win32_1.0.0.202111181127/tools/bin/../lib/gcc/arm-none-eabi/10.3.1/thumb/v7e-m+fp/hard\libgcc.a(_dvmd_tls.o)
                0x0000000008000df4                __aeabi_idiv0
                0x0000000008000df4                __aeabi_ldiv0
 *(.text*)
 .text.HAL_TIM_PeriodElapsedCallback
                0x0000000008000df8       0x28 ./Core/Src/TIM_IT.o
                0x0000000008000df8                HAL_TIM_PeriodElapsedCallback
 .text.main     0x0000000008000e20       0x32 ./Core/Src/main.o
                0x0000000008000e20                main
 *fill*         0x0000000008000e52        0x2 
 .text.SystemClock_Config
                0x0000000008000e54       0xd8 ./Core/Src/main.o
                0x0000000008000e54                SystemClock_Config
 .text.MX_TIM1_Init
                0x0000000008000f2c       0xb0 ./Core/Src/main.o
 .text.MX_TIM2_Init
                0x0000000008000fdc       0xa8 ./Core/Src/main.o
 .text.MX_TIM3_Init
                0x0000000008001084       0xa8 ./Core/Src/main.o
 .text.MX_TIM4_Init
                0x000000000800112c       0xcc ./Core/Src/main.o
 .text.MX_TIM5_Init
                0x00000000080011f8       0x9c ./Core/Src/main.o
 .text.MX_TIM8_Init
                0x0000000008001294      0x108 ./Core/Src/main.o
 .text.MX_TIM12_Init
                0x000000000800139c       0xa4 ./Core/Src/main.o
 .text.MX_GPIO_Init
                0x0000000008001440      0x168 ./Core/Src/main.o
 .text.Error_Handler
                0x00000000080015a8        0xa ./Core/Src/main.o
                0x00000000080015a8                Error_Handler
 .text.main_function
                0x00000000080015b2        0xa ./Core/Src/mainpp.o
                0x00000000080015b2                main_function
 .text.stm_setup
                0x00000000080015bc       0x84 ./Core/Src/mainpp.o
                0x00000000080015bc                stm_setup
 .text._Z7shooterv
                0x0000000008001640      0x200 ./Core/Src/shooter.o
                0x0000000008001640                shooter()
 .text._Z12shooter_basev
                0x0000000008001840      0x554 ./Core/Src/shooter_base.o
                0x0000000008001840                shooter_base()
 .text.HAL_MspInit
                0x0000000008001d94       0x50 ./Core/Src/stm32f4xx_hal_msp.o
                0x0000000008001d94                HAL_MspInit
 .text.HAL_TIM_Encoder_MspInit
                0x0000000008001de4      0x15c ./Core/Src/stm32f4xx_hal_msp.o
                0x0000000008001de4                HAL_TIM_Encoder_MspInit
 .text.HAL_TIM_PWM_MspInit
                0x0000000008001f40       0x9c ./Core/Src/stm32f4xx_hal_msp.o
                0x0000000008001f40                HAL_TIM_PWM_MspInit
 .text.HAL_TIM_Base_MspInit
                0x0000000008001fdc       0x50 ./Core/Src/stm32f4xx_hal_msp.o
                0x0000000008001fdc                HAL_TIM_Base_MspInit
 .text.HAL_TIM_MspPostInit
                0x000000000800202c      0x110 ./Core/Src/stm32f4xx_hal_msp.o
                0x000000000800202c                HAL_TIM_MspPostInit
 .text.NMI_Handler
                0x000000000800213c        0x6 ./Core/Src/stm32f4xx_it.o
                0x000000000800213c                NMI_Handler
 .text.HardFault_Handler
                0x0000000008002142        0x6 ./Core/Src/stm32f4xx_it.o
                0x0000000008002142                HardFault_Handler
 .text.MemManage_Handler
                0x0000000008002148        0x6 ./Core/Src/stm32f4xx_it.o
                0x0000000008002148                MemManage_Handler
 .text.BusFault_Handler
                0x000000000800214e        0x6 ./Core/Src/stm32f4xx_it.o
                0x000000000800214e                BusFault_Handler
 .text.UsageFault_Handler
                0x0000000008002154        0x6 ./Core/Src/stm32f4xx_it.o
                0x0000000008002154                UsageFault_Handler
 .text.SVC_Handler
                0x000000000800215a        0xe ./Core/Src/stm32f4xx_it.o
                0x000000000800215a                SVC_Handler
 .text.DebugMon_Handler
                0x0000000008002168        0xe ./Core/Src/stm32f4xx_it.o
                0x0000000008002168                DebugMon_Handler
 .text.PendSV_Handler
                0x0000000008002176        0xe ./Core/Src/stm32f4xx_it.o
                0x0000000008002176                PendSV_Handler
 .text.SysTick_Handler
                0x0000000008002184        0xc ./Core/Src/stm32f4xx_it.o
                0x0000000008002184                SysTick_Handler
 .text.TIM5_IRQHandler
                0x0000000008002190       0x14 ./Core/Src/stm32f4xx_it.o
                0x0000000008002190                TIM5_IRQHandler
 .text.SystemInit
                0x00000000080021a4       0x24 ./Core/Src/system_stm32f4xx.o
                0x00000000080021a4                SystemInit
 .text.Reset_Handler
                0x00000000080021c8       0x50 ./Core/Startup/startup_stm32f446retx.o
                0x00000000080021c8                Reset_Handler
 .text.Default_Handler
                0x0000000008002218        0x2 ./Core/Startup/startup_stm32f446retx.o
                0x0000000008002218                RTC_Alarm_IRQHandler
                0x0000000008002218                EXTI2_IRQHandler
                0x0000000008002218                TIM8_CC_IRQHandler
                0x0000000008002218                FMPI2C1_EV_IRQHandler
                0x0000000008002218                SPI4_IRQHandler
                0x0000000008002218                TIM1_CC_IRQHandler
                0x0000000008002218                DMA2_Stream5_IRQHandler
                0x0000000008002218                DMA1_Stream5_IRQHandler
                0x0000000008002218                PVD_IRQHandler
                0x0000000008002218                SDIO_IRQHandler
                0x0000000008002218                TAMP_STAMP_IRQHandler
                0x0000000008002218                CAN2_RX1_IRQHandler
                0x0000000008002218                EXTI3_IRQHandler
                0x0000000008002218                TIM8_TRG_COM_TIM14_IRQHandler
                0x0000000008002218                TIM1_UP_TIM10_IRQHandler
                0x0000000008002218                TIM8_UP_TIM13_IRQHandler
                0x0000000008002218                I2C3_ER_IRQHandler
                0x0000000008002218                EXTI0_IRQHandler
                0x0000000008002218                I2C2_EV_IRQHandler
                0x0000000008002218                DMA1_Stream2_IRQHandler
                0x0000000008002218                CAN1_RX0_IRQHandler
                0x0000000008002218                FPU_IRQHandler
                0x0000000008002218                OTG_HS_WKUP_IRQHandler
                0x0000000008002218                CAN2_SCE_IRQHandler
                0x0000000008002218                DMA2_Stream2_IRQHandler
                0x0000000008002218                SPI1_IRQHandler
                0x0000000008002218                TIM6_DAC_IRQHandler
                0x0000000008002218                TIM1_BRK_TIM9_IRQHandler
                0x0000000008002218                DCMI_IRQHandler
                0x0000000008002218                CAN2_RX0_IRQHandler
                0x0000000008002218                DMA2_Stream3_IRQHandler
                0x0000000008002218                SAI2_IRQHandler
                0x0000000008002218                USART6_IRQHandler
                0x0000000008002218                USART3_IRQHandler
                0x0000000008002218                CAN1_RX1_IRQHandler
                0x0000000008002218                UART5_IRQHandler
                0x0000000008002218                DMA2_Stream0_IRQHandler
                0x0000000008002218                TIM4_IRQHandler
                0x0000000008002218                QUADSPI_IRQHandler
                0x0000000008002218                I2C1_EV_IRQHandler
                0x0000000008002218                DMA1_Stream6_IRQHandler
                0x0000000008002218                DMA1_Stream1_IRQHandler
                0x0000000008002218                UART4_IRQHandler
                0x0000000008002218                TIM3_IRQHandler
                0x0000000008002218                RCC_IRQHandler
                0x0000000008002218                TIM8_BRK_TIM12_IRQHandler
                0x0000000008002218                Default_Handler
                0x0000000008002218                CEC_IRQHandler
                0x0000000008002218                EXTI15_10_IRQHandler
                0x0000000008002218                ADC_IRQHandler
                0x0000000008002218                DMA1_Stream7_IRQHandler
                0x0000000008002218                TIM7_IRQHandler
                0x0000000008002218                CAN2_TX_IRQHandler
                0x0000000008002218                DMA2_Stream7_IRQHandler
                0x0000000008002218                I2C3_EV_IRQHandler
                0x0000000008002218                EXTI9_5_IRQHandler
                0x0000000008002218                RTC_WKUP_IRQHandler
                0x0000000008002218                SPDIF_RX_IRQHandler
                0x0000000008002218                SPI2_IRQHandler
                0x0000000008002218                OTG_HS_EP1_IN_IRQHandler
                0x0000000008002218                DMA1_Stream0_IRQHandler
                0x0000000008002218                CAN1_TX_IRQHandler
                0x0000000008002218                FMPI2C1_ER_IRQHandler
                0x0000000008002218                EXTI4_IRQHandler
                0x0000000008002218                OTG_HS_EP1_OUT_IRQHandler
                0x0000000008002218                WWDG_IRQHandler
                0x0000000008002218                TIM2_IRQHandler
                0x0000000008002218                OTG_FS_WKUP_IRQHandler
                0x0000000008002218                TIM1_TRG_COM_TIM11_IRQHandler
                0x0000000008002218                OTG_HS_IRQHandler
                0x0000000008002218                EXTI1_IRQHandler
                0x0000000008002218                USART2_IRQHandler
                0x0000000008002218                I2C2_ER_IRQHandler
                0x0000000008002218                DMA2_Stream1_IRQHandler
                0x0000000008002218                CAN1_SCE_IRQHandler
                0x0000000008002218                FLASH_IRQHandler
                0x0000000008002218                DMA2_Stream4_IRQHandler
                0x0000000008002218                USART1_IRQHandler
                0x0000000008002218                OTG_FS_IRQHandler
                0x0000000008002218                SPI3_IRQHandler
                0x0000000008002218                DMA1_Stream4_IRQHandler
                0x0000000008002218                I2C1_ER_IRQHandler
                0x0000000008002218                FMC_IRQHandler
                0x0000000008002218                DMA2_Stream6_IRQHandler
                0x0000000008002218                SAI1_IRQHandler
                0x0000000008002218                DMA1_Stream3_IRQHandler
 *fill*         0x000000000800221a        0x2 
 .text.HAL_Init
                0x000000000800221c       0x44 ./Drivers/STM32F4xx_HAL_Driver/Src/stm32f4xx_hal.o
                0x000000000800221c                HAL_Init
 .text.HAL_InitTick
                0x0000000008002260       0x60 ./Drivers/STM32F4xx_HAL_Driver/Src/stm32f4xx_hal.o
                0x0000000008002260                HAL_InitTick
 .text.HAL_IncTick
                0x00000000080022c0       0x28 ./Drivers/STM32F4xx_HAL_Driver/Src/stm32f4xx_hal.o
                0x00000000080022c0                HAL_IncTick
 .text.HAL_GetTick
                0x00000000080022e8       0x18 ./Drivers/STM32F4xx_HAL_Driver/Src/stm32f4xx_hal.o
                0x00000000080022e8                HAL_GetTick
 .text.__NVIC_SetPriorityGrouping
                0x0000000008002300       0x48 ./Drivers/STM32F4xx_HAL_Driver/Src/stm32f4xx_hal_cortex.o
 .text.__NVIC_GetPriorityGrouping
                0x0000000008002348       0x1c ./Drivers/STM32F4xx_HAL_Driver/Src/stm32f4xx_hal_cortex.o
 .text.__NVIC_EnableIRQ
                0x0000000008002364       0x3c ./Drivers/STM32F4xx_HAL_Driver/Src/stm32f4xx_hal_cortex.o
 .text.__NVIC_SetPriority
                0x00000000080023a0       0x54 ./Drivers/STM32F4xx_HAL_Driver/Src/stm32f4xx_hal_cortex.o
 .text.NVIC_EncodePriority
                0x00000000080023f4       0x66 ./Drivers/STM32F4xx_HAL_Driver/Src/stm32f4xx_hal_cortex.o
 *fill*         0x000000000800245a        0x2 
 .text.SysTick_Config
                0x000000000800245c       0x44 ./Drivers/STM32F4xx_HAL_Driver/Src/stm32f4xx_hal_cortex.o
 .text.HAL_NVIC_SetPriorityGrouping
                0x00000000080024a0       0x16 ./Drivers/STM32F4xx_HAL_Driver/Src/stm32f4xx_hal_cortex.o
                0x00000000080024a0                HAL_NVIC_SetPriorityGrouping
 .text.HAL_NVIC_SetPriority
                0x00000000080024b6       0x38 ./Drivers/STM32F4xx_HAL_Driver/Src/stm32f4xx_hal_cortex.o
                0x00000000080024b6                HAL_NVIC_SetPriority
 .text.HAL_NVIC_EnableIRQ
                0x00000000080024ee       0x1c ./Drivers/STM32F4xx_HAL_Driver/Src/stm32f4xx_hal_cortex.o
                0x00000000080024ee                HAL_NVIC_EnableIRQ
 .text.HAL_SYSTICK_Config
                0x000000000800250a       0x18 ./Drivers/STM32F4xx_HAL_Driver/Src/stm32f4xx_hal_cortex.o
                0x000000000800250a                HAL_SYSTICK_Config
 *fill*         0x0000000008002522        0x2 
 .text.HAL_GPIO_Init
                0x0000000008002524      0x328 ./Drivers/STM32F4xx_HAL_Driver/Src/stm32f4xx_hal_gpio.o
                0x0000000008002524                HAL_GPIO_Init
 .text.HAL_GPIO_WritePin
                0x000000000800284c       0x32 ./Drivers/STM32F4xx_HAL_Driver/Src/stm32f4xx_hal_gpio.o
                0x000000000800284c                HAL_GPIO_WritePin
 *fill*         0x000000000800287e        0x2 
 .text.HAL_RCC_ClockConfig
                0x0000000008002880      0x1cc ./Drivers/STM32F4xx_HAL_Driver/Src/stm32f4xx_hal_rcc.o
                0x0000000008002880                HAL_RCC_ClockConfig
 .text.HAL_RCC_GetSysClockFreq
                0x0000000008002a4c      0x354 ./Drivers/STM32F4xx_HAL_Driver/Src/stm32f4xx_hal_rcc_ex.o
                0x0000000008002a4c                HAL_RCC_GetSysClockFreq
 .text.HAL_RCC_OscConfig
                0x0000000008002da0      0x53c ./Drivers/STM32F4xx_HAL_Driver/Src/stm32f4xx_hal_rcc_ex.o
                0x0000000008002da0                HAL_RCC_OscConfig
 .text.HAL_TIM_Base_Init
                0x00000000080032dc       0x9e ./Drivers/STM32F4xx_HAL_Driver/Src/stm32f4xx_hal_tim.o
                0x00000000080032dc                HAL_TIM_Base_Init
 *fill*         0x000000000800337a        0x2 
 .text.HAL_TIM_Base_Start_IT
                0x000000000800337c       0xe0 ./Drivers/STM32F4xx_HAL_Driver/Src/stm32f4xx_hal_tim.o
                0x000000000800337c                HAL_TIM_Base_Start_IT
 .text.HAL_TIM_PWM_Init
                0x000000000800345c       0x9e ./Drivers/STM32F4xx_HAL_Driver/Src/stm32f4xx_hal_tim.o
                0x000000000800345c                HAL_TIM_PWM_Init
 *fill*         0x00000000080034fa        0x2 
 .text.HAL_TIM_PWM_Start
                0x00000000080034fc      0x190 ./Drivers/STM32F4xx_HAL_Driver/Src/stm32f4xx_hal_tim.o
                0x00000000080034fc                HAL_TIM_PWM_Start
 .text.HAL_TIM_Encoder_Init
                0x000000000800368c      0x14c ./Drivers/STM32F4xx_HAL_Driver/Src/stm32f4xx_hal_tim.o
                0x000000000800368c                HAL_TIM_Encoder_Init
 .text.HAL_TIM_Encoder_Start
                0x00000000080037d8      0x11c ./Drivers/STM32F4xx_HAL_Driver/Src/stm32f4xx_hal_tim.o
                0x00000000080037d8                HAL_TIM_Encoder_Start
 .text.HAL_TIM_IRQHandler
                0x00000000080038f4      0x210 ./Drivers/STM32F4xx_HAL_Driver/Src/stm32f4xx_hal_tim.o
                0x00000000080038f4                HAL_TIM_IRQHandler
 .text.HAL_TIM_PWM_ConfigChannel
                0x0000000008003b04      0x184 ./Drivers/STM32F4xx_HAL_Driver/Src/stm32f4xx_hal_tim.o
                0x0000000008003b04                HAL_TIM_PWM_ConfigChannel
 .text.HAL_TIM_ConfigClockSource
                0x0000000008003c88      0x18e ./Drivers/STM32F4xx_HAL_Driver/Src/stm32f4xx_hal_tim.o
                0x0000000008003c88                HAL_TIM_ConfigClockSource
 .text.HAL_TIM_OC_DelayElapsedCallback
                0x0000000008003e16       0x14 ./Drivers/STM32F4xx_HAL_Driver/Src/stm32f4xx_hal_tim.o
                0x0000000008003e16                HAL_TIM_OC_DelayElapsedCallback
 .text.HAL_TIM_IC_CaptureCallback
                0x0000000008003e2a       0x14 ./Drivers/STM32F4xx_HAL_Driver/Src/stm32f4xx_hal_tim.o
                0x0000000008003e2a                HAL_TIM_IC_CaptureCallback
 .text.HAL_TIM_PWM_PulseFinishedCallback
                0x0000000008003e3e       0x14 ./Drivers/STM32F4xx_HAL_Driver/Src/stm32f4xx_hal_tim.o
                0x0000000008003e3e                HAL_TIM_PWM_PulseFinishedCallback
 .text.HAL_TIM_TriggerCallback
                0x0000000008003e52       0x14 ./Drivers/STM32F4xx_HAL_Driver/Src/stm32f4xx_hal_tim.o
                0x0000000008003e52                HAL_TIM_TriggerCallback
 *fill*         0x0000000008003e66        0x2 
 .text.TIM_Base_SetConfig
                0x0000000008003e68      0x140 ./Drivers/STM32F4xx_HAL_Driver/Src/stm32f4xx_hal_tim.o
                0x0000000008003e68                TIM_Base_SetConfig
 .text.TIM_OC1_SetConfig
                0x0000000008003fa8       0xe0 ./Drivers/STM32F4xx_HAL_Driver/Src/stm32f4xx_hal_tim.o
 .text.TIM_OC2_SetConfig
                0x0000000008004088       0xec ./Drivers/STM32F4xx_HAL_Driver/Src/stm32f4xx_hal_tim.o
                0x0000000008004088                TIM_OC2_SetConfig
 .text.TIM_OC3_SetConfig
                0x0000000008004174       0xe8 ./Drivers/STM32F4xx_HAL_Driver/Src/stm32f4xx_hal_tim.o
 .text.TIM_OC4_SetConfig
                0x000000000800425c       0xac ./Drivers/STM32F4xx_HAL_Driver/Src/stm32f4xx_hal_tim.o
 .text.TIM_TI1_ConfigInputStage
                0x0000000008004308       0x5e ./Drivers/STM32F4xx_HAL_Driver/Src/stm32f4xx_hal_tim.o
 .text.TIM_TI2_ConfigInputStage
                0x0000000008004366       0x60 ./Drivers/STM32F4xx_HAL_Driver/Src/stm32f4xx_hal_tim.o
 .text.TIM_ITRx_SetConfig
                0x00000000080043c6       0x36 ./Drivers/STM32F4xx_HAL_Driver/Src/stm32f4xx_hal_tim.o
 .text.TIM_ETR_SetConfig
                0x00000000080043fc       0x40 ./Drivers/STM32F4xx_HAL_Driver/Src/stm32f4xx_hal_tim.o
                0x00000000080043fc                TIM_ETR_SetConfig
 .text.TIM_CCxChannelCmd
                0x000000000800443c       0x4a ./Drivers/STM32F4xx_HAL_Driver/Src/stm32f4xx_hal_tim.o
                0x000000000800443c                TIM_CCxChannelCmd
 *fill*         0x0000000008004486        0x2 
 .text.HAL_TIMEx_MasterConfigSynchronization
                0x0000000008004488       0xf8 ./Drivers/STM32F4xx_HAL_Driver/Src/stm32f4xx_hal_tim_ex.o
                0x0000000008004488                HAL_TIMEx_MasterConfigSynchronization
 .text.HAL_TIMEx_ConfigBreakDeadTime
                0x0000000008004580       0xa4 ./Drivers/STM32F4xx_HAL_Driver/Src/stm32f4xx_hal_tim_ex.o
                0x0000000008004580                HAL_TIMEx_ConfigBreakDeadTime
 .text.HAL_TIMEx_CommutCallback
                0x0000000008004624       0x14 ./Drivers/STM32F4xx_HAL_Driver/Src/stm32f4xx_hal_tim_ex.o
                0x0000000008004624                HAL_TIMEx_CommutCallback
 .text.HAL_TIMEx_BreakCallback
                0x0000000008004638       0x14 ./Drivers/STM32F4xx_HAL_Driver/Src/stm32f4xx_hal_tim_ex.o
                0x0000000008004638                HAL_TIMEx_BreakCallback
 .text.__libc_init_array
                0x000000000800464c       0x48 c:/st/stm32cubeide_1.10.1/stm32cubeide/plugins/com.st.stm32cube.ide.mcu.externaltools.gnu-tools-for-stm32.10.3-2021.10.win32_1.0.0.202111181127/tools/bin/../lib/gcc/arm-none-eabi/10.3.1/../../../../arm-none-eabi/lib/thumb/v7e-m+fp/hard\libc_nano.a(lib_a-init.o)
                0x000000000800464c                __libc_init_array
 .text.memset   0x0000000008004694       0x10 c:/st/stm32cubeide_1.10.1/stm32cubeide/plugins/com.st.stm32cube.ide.mcu.externaltools.gnu-tools-for-stm32.10.3-2021.10.win32_1.0.0.202111181127/tools/bin/../lib/gcc/arm-none-eabi/10.3.1/../../../../arm-none-eabi/lib/thumb/v7e-m+fp/hard\libc_nano.a(lib_a-memset.o)
                0x0000000008004694                memset
 *(.glue_7)
 .glue_7        0x00000000080046a4        0x0 linker stubs
 *(.glue_7t)
 .glue_7t       0x00000000080046a4        0x0 linker stubs
 *(.eh_frame)
 .eh_frame      0x00000000080046a4        0x0 c:/st/stm32cubeide_1.10.1/stm32cubeide/plugins/com.st.stm32cube.ide.mcu.externaltools.gnu-tools-for-stm32.10.3-2021.10.win32_1.0.0.202111181127/tools/bin/../lib/gcc/arm-none-eabi/10.3.1/thumb/v7e-m+fp/hard/crtbegin.o
 *(.init)
 .init          0x00000000080046a4        0x4 c:/st/stm32cubeide_1.10.1/stm32cubeide/plugins/com.st.stm32cube.ide.mcu.externaltools.gnu-tools-for-stm32.10.3-2021.10.win32_1.0.0.202111181127/tools/bin/../lib/gcc/arm-none-eabi/10.3.1/thumb/v7e-m+fp/hard/crti.o
                0x00000000080046a4                _init
 .init          0x00000000080046a8        0x8 c:/st/stm32cubeide_1.10.1/stm32cubeide/plugins/com.st.stm32cube.ide.mcu.externaltools.gnu-tools-for-stm32.10.3-2021.10.win32_1.0.0.202111181127/tools/bin/../lib/gcc/arm-none-eabi/10.3.1/thumb/v7e-m+fp/hard/crtn.o
 *(.fini)
 .fini          0x00000000080046b0        0x4 c:/st/stm32cubeide_1.10.1/stm32cubeide/plugins/com.st.stm32cube.ide.mcu.externaltools.gnu-tools-for-stm32.10.3-2021.10.win32_1.0.0.202111181127/tools/bin/../lib/gcc/arm-none-eabi/10.3.1/thumb/v7e-m+fp/hard/crti.o
                0x00000000080046b0                _fini
 .fini          0x00000000080046b4        0x8 c:/st/stm32cubeide_1.10.1/stm32cubeide/plugins/com.st.stm32cube.ide.mcu.externaltools.gnu-tools-for-stm32.10.3-2021.10.win32_1.0.0.202111181127/tools/bin/../lib/gcc/arm-none-eabi/10.3.1/thumb/v7e-m+fp/hard/crtn.o
                0x00000000080046bc                . = ALIGN (0x4)
                0x00000000080046bc                _etext = .

.vfp11_veneer   0x00000000080046bc        0x0
 .vfp11_veneer  0x00000000080046bc        0x0 linker stubs

.v4_bx          0x00000000080046bc        0x0
 .v4_bx         0x00000000080046bc        0x0 linker stubs

.iplt           0x00000000080046bc        0x0
 .iplt          0x00000000080046bc        0x0 c:/st/stm32cubeide_1.10.1/stm32cubeide/plugins/com.st.stm32cube.ide.mcu.externaltools.gnu-tools-for-stm32.10.3-2021.10.win32_1.0.0.202111181127/tools/bin/../lib/gcc/arm-none-eabi/10.3.1/thumb/v7e-m+fp/hard/crtbegin.o

.rodata         0x00000000080046bc       0x10
                0x00000000080046bc                . = ALIGN (0x4)
 *(.rodata)
 *(.rodata*)
 .rodata.AHBPrescTable
                0x00000000080046bc       0x10 ./Core/Src/system_stm32f4xx.o
                0x00000000080046bc                AHBPrescTable
                0x00000000080046cc                . = ALIGN (0x4)

.ARM.extab      0x00000000080046cc        0x0
                0x00000000080046cc                . = ALIGN (0x4)
 *(.ARM.extab* .gnu.linkonce.armextab.*)
                0x00000000080046cc                . = ALIGN (0x4)

.ARM            0x00000000080046cc        0x8
                0x00000000080046cc                . = ALIGN (0x4)
                0x00000000080046cc                __exidx_start = .
 *(.ARM.exidx*)
 .ARM.exidx     0x00000000080046cc        0x8 c:/st/stm32cubeide_1.10.1/stm32cubeide/plugins/com.st.stm32cube.ide.mcu.externaltools.gnu-tools-for-stm32.10.3-2021.10.win32_1.0.0.202111181127/tools/bin/../lib/gcc/arm-none-eabi/10.3.1/thumb/v7e-m+fp/hard\libgcc.a(_udivmoddi4.o)
                0x00000000080046d4                __exidx_end = .
                0x00000000080046d4                . = ALIGN (0x4)

.rel.dyn        0x00000000080046d4        0x0
 .rel.iplt      0x00000000080046d4        0x0 c:/st/stm32cubeide_1.10.1/stm32cubeide/plugins/com.st.stm32cube.ide.mcu.externaltools.gnu-tools-for-stm32.10.3-2021.10.win32_1.0.0.202111181127/tools/bin/../lib/gcc/arm-none-eabi/10.3.1/thumb/v7e-m+fp/hard/crtbegin.o

.preinit_array  0x00000000080046d4        0x0
                0x00000000080046d4                . = ALIGN (0x4)
                0x00000000080046d4                PROVIDE (__preinit_array_start = .)
 *(.preinit_array*)
                0x00000000080046d4                PROVIDE (__preinit_array_end = .)
                0x00000000080046d4                . = ALIGN (0x4)

.init_array     0x00000000080046d4        0x4
                0x00000000080046d4                . = ALIGN (0x4)
                0x00000000080046d4                PROVIDE (__init_array_start = .)
 *(SORT_BY_NAME(.init_array.*))
 *(.init_array*)
 .init_array    0x00000000080046d4        0x4 c:/st/stm32cubeide_1.10.1/stm32cubeide/plugins/com.st.stm32cube.ide.mcu.externaltools.gnu-tools-for-stm32.10.3-2021.10.win32_1.0.0.202111181127/tools/bin/../lib/gcc/arm-none-eabi/10.3.1/thumb/v7e-m+fp/hard/crtbegin.o
                0x00000000080046d8                PROVIDE (__init_array_end = .)
                0x00000000080046d8                . = ALIGN (0x4)

.fini_array     0x00000000080046d8        0x4
                0x00000000080046d8                . = ALIGN (0x4)
                [!provide]                        PROVIDE (__fini_array_start = .)
 *(SORT_BY_NAME(.fini_array.*))
 *(.fini_array*)
 .fini_array    0x00000000080046d8        0x4 c:/st/stm32cubeide_1.10.1/stm32cubeide/plugins/com.st.stm32cube.ide.mcu.externaltools.gnu-tools-for-stm32.10.3-2021.10.win32_1.0.0.202111181127/tools/bin/../lib/gcc/arm-none-eabi/10.3.1/thumb/v7e-m+fp/hard/crtbegin.o
                [!provide]                        PROVIDE (__fini_array_end = .)
                0x00000000080046dc                . = ALIGN (0x4)
                0x00000000080046dc                _sidata = LOADADDR (.data)

.data           0x0000000020000000       0x3c load address 0x00000000080046dc
                0x0000000020000000                . = ALIGN (0x4)
                0x0000000020000000                _sdata = .
 *(.data)
 *(.data*)
 .data.P_hz     0x0000000020000000        0x8 ./Core/Src/shooter_base.o
                0x0000000020000000                P_hz
 .data.I_hz     0x0000000020000008        0x8 ./Core/Src/shooter_base.o
                0x0000000020000008                I_hz
 .data.D_hz     0x0000000020000010        0x8 ./Core/Src/shooter_base.o
                0x0000000020000010                D_hz
 .data.P_ev     0x0000000020000018        0x8 ./Core/Src/shooter_base.o
                0x0000000020000018                P_ev
 .data.I_ev     0x0000000020000020        0x8 ./Core/Src/shooter_base.o
                0x0000000020000020                I_ev
 .data.D_ev     0x0000000020000028        0x8 ./Core/Src/shooter_base.o
                0x0000000020000028                D_ev
 .data.SystemCoreClock
                0x0000000020000030        0x4 ./Core/Src/system_stm32f4xx.o
                0x0000000020000030                SystemCoreClock
 .data.uwTickPrio
                0x0000000020000034        0x4 ./Drivers/STM32F4xx_HAL_Driver/Src/stm32f4xx_hal.o
                0x0000000020000034                uwTickPrio
 .data.uwTickFreq
                0x0000000020000038        0x1 ./Drivers/STM32F4xx_HAL_Driver/Src/stm32f4xx_hal.o
                0x0000000020000038                uwTickFreq
 *(.RamFunc)
 *(.RamFunc*)
                0x000000002000003c                . = ALIGN (0x4)
 *fill*         0x0000000020000039        0x3 
                0x000000002000003c                _edata = .

.igot.plt       0x000000002000003c        0x0 load address 0x0000000008004718
 .igot.plt      0x000000002000003c        0x0 c:/st/stm32cubeide_1.10.1/stm32cubeide/plugins/com.st.stm32cube.ide.mcu.externaltools.gnu-tools-for-stm32.10.3-2021.10.win32_1.0.0.202111181127/tools/bin/../lib/gcc/arm-none-eabi/10.3.1/thumb/v7e-m+fp/hard/crtbegin.o
                0x000000002000003c                . = ALIGN (0x4)

.bss            0x0000000020000040      0x2bc load address 0x0000000008004718
                0x0000000020000040                _sbss = .
                0x0000000020000040                __bss_start__ = _sbss
 *(.bss)
 .bss           0x0000000020000040       0x1c c:/st/stm32cubeide_1.10.1/stm32cubeide/plugins/com.st.stm32cube.ide.mcu.externaltools.gnu-tools-for-stm32.10.3-2021.10.win32_1.0.0.202111181127/tools/bin/../lib/gcc/arm-none-eabi/10.3.1/thumb/v7e-m+fp/hard/crtbegin.o
 *(.bss*)
 *fill*         0x000000002000005c        0x4 
 .bss.angle_hz  0x0000000020000060        0x8 ./Core/Src/TIM_IT.o
                0x0000000020000060                angle_hz
 .bss.angle_ev  0x0000000020000068        0x8 ./Core/Src/TIM_IT.o
                0x0000000020000068                angle_ev
 .bss.htim1     0x0000000020000070       0x48 ./Core/Src/main.o
                0x0000000020000070                htim1
 .bss.htim2     0x00000000200000b8       0x48 ./Core/Src/main.o
                0x00000000200000b8                htim2
 .bss.htim3     0x0000000020000100       0x48 ./Core/Src/main.o
                0x0000000020000100                htim3
 .bss.htim4     0x0000000020000148       0x48 ./Core/Src/main.o
                0x0000000020000148                htim4
 .bss.htim5     0x0000000020000190       0x48 ./Core/Src/main.o
                0x0000000020000190                htim5
 .bss.htim8     0x00000000200001d8       0x48 ./Core/Src/main.o
                0x00000000200001d8                htim8
 .bss.htim12    0x0000000020000220       0x48 ./Core/Src/main.o
                0x0000000020000220                htim12
 .bss.target_length
                0x0000000020000268        0x8 ./Core/Src/shooter.o
                0x0000000020000268                target_length
 .bss.actual_length
                0x0000000020000270        0x8 ./Core/Src/shooter.o
                0x0000000020000270                actual_length
 .bss.seat_mode
                0x0000000020000278        0x4 ./Core/Src/shooter.o
                0x0000000020000278                seat_mode
 .bss.check_hook
                0x000000002000027c        0x4 ./Core/Src/shooter.o
                0x000000002000027c                check_hook
 .bss.check_fire
                0x0000000020000280        0x4 ./Core/Src/shooter.o
                0x0000000020000280                check_fire
 .bss.check     0x0000000020000284        0x4 ./Core/Src/shooter.o
                0x0000000020000284                check
 .bss.delay     0x0000000020000288        0x4 ./Core/Src/shooter.o
                0x0000000020000288                delay
 .bss.enc_st    0x000000002000028c        0x2 ./Core/Src/shooter.o
                0x000000002000028c                enc_st
 *fill*         0x000000002000028e        0x2 
 .bss.angle_st  0x0000000020000290        0x8 ./Core/Src/shooter.o
                0x0000000020000290                angle_st
 .bss.enc_hz    0x0000000020000298        0x2 ./Core/Src/shooter_base.o
                0x0000000020000298                enc_hz
 .bss.enc_ev    0x000000002000029a        0x2 ./Core/Src/shooter_base.o
                0x000000002000029a                enc_ev
 *fill*         0x000000002000029c        0x4 
 .bss.target_hz
                0x00000000200002a0        0x8 ./Core/Src/shooter_base.o
                0x00000000200002a0                target_hz
 .bss.target_ev
                0x00000000200002a8        0x8 ./Core/Src/shooter_base.o
                0x00000000200002a8                target_ev
 .bss.hz_ok     0x00000000200002b0        0x4 ./Core/Src/shooter_base.o
                0x00000000200002b0                hz_ok
 .bss.ev_ok     0x00000000200002b4        0x4 ./Core/Src/shooter_base.o
                0x00000000200002b4                ev_ok
 .bss.et_hz     0x00000000200002b8        0x8 ./Core/Src/shooter_base.o
                0x00000000200002b8                et_hz
 .bss.et_ev     0x00000000200002c0        0x8 ./Core/Src/shooter_base.o
                0x00000000200002c0                et_ev
 .bss.sigma_et_hz
                0x00000000200002c8        0x8 ./Core/Src/shooter_base.o
                0x00000000200002c8                sigma_et_hz
 .bss.sigma_et_ev
                0x00000000200002d0        0x8 ./Core/Src/shooter_base.o
                0x00000000200002d0                sigma_et_ev
 .bss.ut_hz     0x00000000200002d8        0x8 ./Core/Src/shooter_base.o
                0x00000000200002d8                ut_hz
 .bss.ut_ev     0x00000000200002e0        0x8 ./Core/Src/shooter_base.o
                0x00000000200002e0                ut_ev
 .bss.last_et_hz
                0x00000000200002e8        0x8 ./Core/Src/shooter_base.o
                0x00000000200002e8                last_et_hz
 .bss.last_et_ev
                0x00000000200002f0        0x8 ./Core/Src/shooter_base.o
                0x00000000200002f0                last_et_ev
 .bss.uwTick    0x00000000200002f8        0x4 ./Drivers/STM32F4xx_HAL_Driver/Src/stm32f4xx_hal.o
                0x00000000200002f8                uwTick
 *(COMMON)
                0x00000000200002fc                . = ALIGN (0x4)
                0x00000000200002fc                _ebss = .
                0x00000000200002fc                __bss_end__ = _ebss

._user_heap_stack
                0x00000000200002fc      0x604 load address 0x0000000008004718
                0x0000000020000300                . = ALIGN (0x8)
 *fill*         0x00000000200002fc        0x4 
                [!provide]                        PROVIDE (end = .)
                0x0000000020000300                PROVIDE (_end = .)
                0x0000000020000500                . = (. + _Min_Heap_Size)
 *fill*         0x0000000020000300      0x200 
                0x0000000020000900                . = (. + _Min_Stack_Size)
 *fill*         0x0000000020000500      0x400 
                0x0000000020000900                . = ALIGN (0x8)

/DISCARD/
 libc.a(*)
 libm.a(*)
 libgcc.a(*)

.ARM.attributes
                0x0000000000000000       0x30
 *(.ARM.attributes)
 .ARM.attributes
                0x0000000000000000       0x1e c:/st/stm32cubeide_1.10.1/stm32cubeide/plugins/com.st.stm32cube.ide.mcu.externaltools.gnu-tools-for-stm32.10.3-2021.10.win32_1.0.0.202111181127/tools/bin/../lib/gcc/arm-none-eabi/10.3.1/thumb/v7e-m+fp/hard/crti.o
 .ARM.attributes
                0x000000000000001e       0x34 c:/st/stm32cubeide_1.10.1/stm32cubeide/plugins/com.st.stm32cube.ide.mcu.externaltools.gnu-tools-for-stm32.10.3-2021.10.win32_1.0.0.202111181127/tools/bin/../lib/gcc/arm-none-eabi/10.3.1/thumb/v7e-m+fp/hard/crtbegin.o
 .ARM.attributes
                0x0000000000000052       0x34 ./Core/Src/TIM_IT.o
 .ARM.attributes
                0x0000000000000086       0x34 ./Core/Src/main.o
 .ARM.attributes
                0x00000000000000ba       0x34 ./Core/Src/mainpp.o
 .ARM.attributes
                0x00000000000000ee       0x34 ./Core/Src/shooter.o
 .ARM.attributes
                0x0000000000000122       0x34 ./Core/Src/shooter_base.o
 .ARM.attributes
                0x0000000000000156       0x34 ./Core/Src/stm32f4xx_hal_msp.o
 .ARM.attributes
                0x000000000000018a       0x34 ./Core/Src/stm32f4xx_it.o
 .ARM.attributes
                0x00000000000001be       0x34 ./Core/Src/system_stm32f4xx.o
 .ARM.attributes
                0x00000000000001f2       0x21 ./Core/Startup/startup_stm32f446retx.o
 .ARM.attributes
                0x0000000000000213       0x34 ./Drivers/STM32F4xx_HAL_Driver/Src/stm32f4xx_hal.o
 .ARM.attributes
                0x0000000000000247       0x34 ./Drivers/STM32F4xx_HAL_Driver/Src/stm32f4xx_hal_cortex.o
 .ARM.attributes
                0x000000000000027b       0x34 ./Drivers/STM32F4xx_HAL_Driver/Src/stm32f4xx_hal_gpio.o
 .ARM.attributes
                0x00000000000002af       0x34 ./Drivers/STM32F4xx_HAL_Driver/Src/stm32f4xx_hal_rcc.o
 .ARM.attributes
                0x00000000000002e3       0x34 ./Drivers/STM32F4xx_HAL_Driver/Src/stm32f4xx_hal_rcc_ex.o
 .ARM.attributes
                0x0000000000000317       0x34 ./Drivers/STM32F4xx_HAL_Driver/Src/stm32f4xx_hal_tim.o
 .ARM.attributes
                0x000000000000034b       0x34 ./Drivers/STM32F4xx_HAL_Driver/Src/stm32f4xx_hal_tim_ex.o
 .ARM.attributes
                0x000000000000037f       0x34 c:/st/stm32cubeide_1.10.1/stm32cubeide/plugins/com.st.stm32cube.ide.mcu.externaltools.gnu-tools-for-stm32.10.3-2021.10.win32_1.0.0.202111181127/tools/bin/../lib/gcc/arm-none-eabi/10.3.1/../../../../arm-none-eabi/lib/thumb/v7e-m+fp/hard\libc_nano.a(lib_a-init.o)
 .ARM.attributes
                0x00000000000003b3       0x34 c:/st/stm32cubeide_1.10.1/stm32cubeide/plugins/com.st.stm32cube.ide.mcu.externaltools.gnu-tools-for-stm32.10.3-2021.10.win32_1.0.0.202111181127/tools/bin/../lib/gcc/arm-none-eabi/10.3.1/../../../../arm-none-eabi/lib/thumb/v7e-m+fp/hard\libc_nano.a(lib_a-memset.o)
 .ARM.attributes
                0x00000000000003e7       0x1e c:/st/stm32cubeide_1.10.1/stm32cubeide/plugins/com.st.stm32cube.ide.mcu.externaltools.gnu-tools-for-stm32.10.3-2021.10.win32_1.0.0.202111181127/tools/bin/../lib/gcc/arm-none-eabi/10.3.1/thumb/v7e-m+fp/hard\libgcc.a(_arm_addsubdf3.o)
 .ARM.attributes
                0x0000000000000405       0x1e c:/st/stm32cubeide_1.10.1/stm32cubeide/plugins/com.st.stm32cube.ide.mcu.externaltools.gnu-tools-for-stm32.10.3-2021.10.win32_1.0.0.202111181127/tools/bin/../lib/gcc/arm-none-eabi/10.3.1/thumb/v7e-m+fp/hard\libgcc.a(_arm_muldivdf3.o)
 .ARM.attributes
                0x0000000000000423       0x1e c:/st/stm32cubeide_1.10.1/stm32cubeide/plugins/com.st.stm32cube.ide.mcu.externaltools.gnu-tools-for-stm32.10.3-2021.10.win32_1.0.0.202111181127/tools/bin/../lib/gcc/arm-none-eabi/10.3.1/thumb/v7e-m+fp/hard\libgcc.a(_arm_cmpdf2.o)
 .ARM.attributes
                0x0000000000000441       0x1e c:/st/stm32cubeide_1.10.1/stm32cubeide/plugins/com.st.stm32cube.ide.mcu.externaltools.gnu-tools-for-stm32.10.3-2021.10.win32_1.0.0.202111181127/tools/bin/../lib/gcc/arm-none-eabi/10.3.1/thumb/v7e-m+fp/hard\libgcc.a(_arm_fixunsdfsi.o)
 .ARM.attributes
                0x000000000000045f       0x1e c:/st/stm32cubeide_1.10.1/stm32cubeide/plugins/com.st.stm32cube.ide.mcu.externaltools.gnu-tools-for-stm32.10.3-2021.10.win32_1.0.0.202111181127/tools/bin/../lib/gcc/arm-none-eabi/10.3.1/thumb/v7e-m+fp/hard\libgcc.a(_aeabi_uldivmod.o)
 .ARM.attributes
                0x000000000000047d       0x34 c:/st/stm32cubeide_1.10.1/stm32cubeide/plugins/com.st.stm32cube.ide.mcu.externaltools.gnu-tools-for-stm32.10.3-2021.10.win32_1.0.0.202111181127/tools/bin/../lib/gcc/arm-none-eabi/10.3.1/thumb/v7e-m+fp/hard\libgcc.a(_udivmoddi4.o)
 .ARM.attributes
                0x00000000000004b1       0x1e c:/st/stm32cubeide_1.10.1/stm32cubeide/plugins/com.st.stm32cube.ide.mcu.externaltools.gnu-tools-for-stm32.10.3-2021.10.win32_1.0.0.202111181127/tools/bin/../lib/gcc/arm-none-eabi/10.3.1/thumb/v7e-m+fp/hard\libgcc.a(_dvmd_tls.o)
 .ARM.attributes
                0x00000000000004cf       0x1e c:/st/stm32cubeide_1.10.1/stm32cubeide/plugins/com.st.stm32cube.ide.mcu.externaltools.gnu-tools-for-stm32.10.3-2021.10.win32_1.0.0.202111181127/tools/bin/../lib/gcc/arm-none-eabi/10.3.1/thumb/v7e-m+fp/hard/crtn.o
OUTPUT(TDK_top.elf elf32-littlearm)
LOAD linker stubs
LOAD c:/st/stm32cubeide_1.10.1/stm32cubeide/plugins/com.st.stm32cube.ide.mcu.externaltools.gnu-tools-for-stm32.10.3-2021.10.win32_1.0.0.202111181127/tools/bin/../lib/gcc/arm-none-eabi/10.3.1/../../../../arm-none-eabi/lib/thumb/v7e-m+fp/hard\libc.a
LOAD c:/st/stm32cubeide_1.10.1/stm32cubeide/plugins/com.st.stm32cube.ide.mcu.externaltools.gnu-tools-for-stm32.10.3-2021.10.win32_1.0.0.202111181127/tools/bin/../lib/gcc/arm-none-eabi/10.3.1/../../../../arm-none-eabi/lib/thumb/v7e-m+fp/hard\libm.a
LOAD c:/st/stm32cubeide_1.10.1/stm32cubeide/plugins/com.st.stm32cube.ide.mcu.externaltools.gnu-tools-for-stm32.10.3-2021.10.win32_1.0.0.202111181127/tools/bin/../lib/gcc/arm-none-eabi/10.3.1/thumb/v7e-m+fp/hard\libgcc.a

.debug_info     0x0000000000000000    0x12322
 .debug_info    0x0000000000000000     0x1ed7 ./Core/Src/TIM_IT.o
 .debug_info    0x0000000000001ed7     0x127b ./Core/Src/main.o
 .debug_info    0x0000000000003152     0x1e27 ./Core/Src/mainpp.o
 .debug_info    0x0000000000004f79     0x20bb ./Core/Src/shooter.o
 .debug_info    0x0000000000007034     0x21d5 ./Core/Src/shooter_base.o
 .debug_info    0x0000000000009209      0xf53 ./Core/Src/stm32f4xx_hal_msp.o
 .debug_info    0x000000000000a15c      0x74b ./Core/Src/stm32f4xx_it.o
 .debug_info    0x000000000000a8a7      0x55b ./Core/Src/system_stm32f4xx.o
 .debug_info    0x000000000000ae02       0x22 ./Core/Startup/startup_stm32f446retx.o
 .debug_info    0x000000000000ae24      0x9d2 ./Drivers/STM32F4xx_HAL_Driver/Src/stm32f4xx_hal.o
 .debug_info    0x000000000000b7f6      0xe39 ./Drivers/STM32F4xx_HAL_Driver/Src/stm32f4xx_hal_cortex.o
 .debug_info    0x000000000000c62f      0x7be ./Drivers/STM32F4xx_HAL_Driver/Src/stm32f4xx_hal_gpio.o
 .debug_info    0x000000000000cded      0x9ab ./Drivers/STM32F4xx_HAL_Driver/Src/stm32f4xx_hal_rcc.o
 .debug_info    0x000000000000d798      0x9ec ./Drivers/STM32F4xx_HAL_Driver/Src/stm32f4xx_hal_rcc_ex.o
 .debug_info    0x000000000000e184     0x2bbe ./Drivers/STM32F4xx_HAL_Driver/Src/stm32f4xx_hal_tim.o
 .debug_info    0x0000000000010d42     0x15e0 ./Drivers/STM32F4xx_HAL_Driver/Src/stm32f4xx_hal_tim_ex.o

.debug_abbrev   0x0000000000000000     0x210e
 .debug_abbrev  0x0000000000000000      0x26b ./Core/Src/TIM_IT.o
 .debug_abbrev  0x000000000000026b      0x281 ./Core/Src/main.o
 .debug_abbrev  0x00000000000004ec      0x226 ./Core/Src/mainpp.o
 .debug_abbrev  0x0000000000000712      0x25a ./Core/Src/shooter.o
 .debug_abbrev  0x000000000000096c      0x26d ./Core/Src/shooter_base.o
 .debug_abbrev  0x0000000000000bd9      0x23b ./Core/Src/stm32f4xx_hal_msp.o
 .debug_abbrev  0x0000000000000e14      0x184 ./Core/Src/stm32f4xx_it.o
 .debug_abbrev  0x0000000000000f98      0x116 ./Core/Src/system_stm32f4xx.o
 .debug_abbrev  0x00000000000010ae       0x12 ./Core/Startup/startup_stm32f446retx.o
 .debug_abbrev  0x00000000000010c0      0x20d ./Drivers/STM32F4xx_HAL_Driver/Src/stm32f4xx_hal.o
 .debug_abbrev  0x00000000000012cd      0x316 ./Drivers/STM32F4xx_HAL_Driver/Src/stm32f4xx_hal_cortex.o
 .debug_abbrev  0x00000000000015e3      0x1c4 ./Drivers/STM32F4xx_HAL_Driver/Src/stm32f4xx_hal_gpio.o
 .debug_abbrev  0x00000000000017a7      0x2aa ./Drivers/STM32F4xx_HAL_Driver/Src/stm32f4xx_hal_rcc.o
 .debug_abbrev  0x0000000000001a51      0x1fb ./Drivers/STM32F4xx_HAL_Driver/Src/stm32f4xx_hal_rcc_ex.o
 .debug_abbrev  0x0000000000001c4c      0x25d ./Drivers/STM32F4xx_HAL_Driver/Src/stm32f4xx_hal_tim.o
 .debug_abbrev  0x0000000000001ea9      0x265 ./Drivers/STM32F4xx_HAL_Driver/Src/stm32f4xx_hal_tim_ex.o

.debug_aranges  0x0000000000000000      0xaa0
 .debug_aranges
                0x0000000000000000       0x20 ./Core/Src/TIM_IT.o
 .debug_aranges
                0x0000000000000020       0x70 ./Core/Src/main.o
 .debug_aranges
                0x0000000000000090       0x28 ./Core/Src/mainpp.o
 .debug_aranges
                0x00000000000000b8       0x20 ./Core/Src/shooter.o
 .debug_aranges
                0x00000000000000d8       0x20 ./Core/Src/shooter_base.o
 .debug_aranges
                0x00000000000000f8       0x58 ./Core/Src/stm32f4xx_hal_msp.o
 .debug_aranges
                0x0000000000000150       0x68 ./Core/Src/stm32f4xx_it.o
 .debug_aranges
                0x00000000000001b8       0x28 ./Core/Src/system_stm32f4xx.o
 .debug_aranges
                0x00000000000001e0       0x28 ./Core/Startup/startup_stm32f446retx.o
 .debug_aranges
                0x0000000000000208       0xf0 ./Drivers/STM32F4xx_HAL_Driver/Src/stm32f4xx_hal.o
 .debug_aranges
                0x00000000000002f8      0x118 ./Drivers/STM32F4xx_HAL_Driver/Src/stm32f4xx_hal_cortex.o
 .debug_aranges
                0x0000000000000410       0x58 ./Drivers/STM32F4xx_HAL_Driver/Src/stm32f4xx_hal_gpio.o
 .debug_aranges
                0x0000000000000468       0x88 ./Drivers/STM32F4xx_HAL_Driver/Src/stm32f4xx_hal_rcc.o
 .debug_aranges
                0x00000000000004f0       0x78 ./Drivers/STM32F4xx_HAL_Driver/Src/stm32f4xx_hal_rcc_ex.o
 .debug_aranges
                0x0000000000000568      0x3d0 ./Drivers/STM32F4xx_HAL_Driver/Src/stm32f4xx_hal_tim.o
 .debug_aranges
                0x0000000000000938      0x168 ./Drivers/STM32F4xx_HAL_Driver/Src/stm32f4xx_hal_tim_ex.o

.debug_ranges   0x0000000000000000      0x9a8
 .debug_ranges  0x0000000000000000       0x10 ./Core/Src/TIM_IT.o
 .debug_ranges  0x0000000000000010       0x60 ./Core/Src/main.o
 .debug_ranges  0x0000000000000070       0x18 ./Core/Src/mainpp.o
 .debug_ranges  0x0000000000000088       0x10 ./Core/Src/shooter.o
 .debug_ranges  0x0000000000000098       0x10 ./Core/Src/shooter_base.o
 .debug_ranges  0x00000000000000a8       0x48 ./Core/Src/stm32f4xx_hal_msp.o
 .debug_ranges  0x00000000000000f0       0x58 ./Core/Src/stm32f4xx_it.o
 .debug_ranges  0x0000000000000148       0x18 ./Core/Src/system_stm32f4xx.o
 .debug_ranges  0x0000000000000160       0x20 ./Core/Startup/startup_stm32f446retx.o
 .debug_ranges  0x0000000000000180       0xe0 ./Drivers/STM32F4xx_HAL_Driver/Src/stm32f4xx_hal.o
 .debug_ranges  0x0000000000000260      0x108 ./Drivers/STM32F4xx_HAL_Driver/Src/stm32f4xx_hal_cortex.o
 .debug_ranges  0x0000000000000368       0x48 ./Drivers/STM32F4xx_HAL_Driver/Src/stm32f4xx_hal_gpio.o
 .debug_ranges  0x00000000000003b0       0x78 ./Drivers/STM32F4xx_HAL_Driver/Src/stm32f4xx_hal_rcc.o
 .debug_ranges  0x0000000000000428       0x68 ./Drivers/STM32F4xx_HAL_Driver/Src/stm32f4xx_hal_rcc_ex.o
 .debug_ranges  0x0000000000000490      0x3c0 ./Drivers/STM32F4xx_HAL_Driver/Src/stm32f4xx_hal_tim.o
 .debug_ranges  0x0000000000000850      0x158 ./Drivers/STM32F4xx_HAL_Driver/Src/stm32f4xx_hal_tim_ex.o

.debug_macro    0x0000000000000000    0x24e9d
 .debug_macro   0x0000000000000000      0x33b ./Core/Src/TIM_IT.o
 .debug_macro   0x000000000000033b      0xb50 ./Core/Src/TIM_IT.o
 .debug_macro   0x0000000000000e8b      0x295 ./Core/Src/TIM_IT.o
 .debug_macro   0x0000000000001120       0x2e ./Core/Src/TIM_IT.o
 .debug_macro   0x000000000000114e       0x28 ./Core/Src/TIM_IT.o
 .debug_macro   0x0000000000001176       0x1c ./Core/Src/TIM_IT.o
 .debug_macro   0x0000000000001192       0x22 ./Core/Src/TIM_IT.o
 .debug_macro   0x00000000000011b4       0x8e ./Core/Src/TIM_IT.o
 .debug_macro   0x0000000000001242       0x51 ./Core/Src/TIM_IT.o
 .debug_macro   0x0000000000001293      0x103 ./Core/Src/TIM_IT.o
 .debug_macro   0x0000000000001396       0x6a ./Core/Src/TIM_IT.o
 .debug_macro   0x0000000000001400      0x1df ./Core/Src/TIM_IT.o
 .debug_macro   0x00000000000015df       0x1c ./Core/Src/TIM_IT.o
 .debug_macro   0x00000000000015fb       0x22 ./Core/Src/TIM_IT.o
 .debug_macro   0x000000000000161d       0xd9 ./Core/Src/TIM_IT.o
 .debug_macro   0x00000000000016f6     0x102d ./Core/Src/TIM_IT.o
 .debug_macro   0x0000000000002723      0x11f ./Core/Src/TIM_IT.o
 .debug_macro   0x0000000000002842    0x16749 ./Core/Src/TIM_IT.o
 .debug_macro   0x0000000000018f8b       0x6d ./Core/Src/TIM_IT.o
 .debug_macro   0x0000000000018ff8     0x367e ./Core/Src/TIM_IT.o
 .debug_macro   0x000000000001c676      0x17b ./Core/Src/TIM_IT.o
 .debug_macro   0x000000000001c7f1       0x5c ./Core/Src/TIM_IT.o
 .debug_macro   0x000000000001c84d      0xc90 ./Core/Src/TIM_IT.o
 .debug_macro   0x000000000001d4dd      0x9fe ./Core/Src/TIM_IT.o
 .debug_macro   0x000000000001dedb      0x115 ./Core/Src/TIM_IT.o
 .debug_macro   0x000000000001dff0      0x1a0 ./Core/Src/TIM_IT.o
 .debug_macro   0x000000000001e190       0xa5 ./Core/Src/TIM_IT.o
 .debug_macro   0x000000000001e235      0x16d ./Core/Src/TIM_IT.o
 .debug_macro   0x000000000001e3a2      0x287 ./Core/Src/TIM_IT.o
 .debug_macro   0x000000000001e629       0x5f ./Core/Src/TIM_IT.o
 .debug_macro   0x000000000001e688      0x236 ./Core/Src/TIM_IT.o
 .debug_macro   0x000000000001e8be      0x132 ./Core/Src/TIM_IT.o
 .debug_macro   0x000000000001e9f0      0x29c ./Core/Src/TIM_IT.o
 .debug_macro   0x000000000001ec8c       0x2e ./Core/Src/TIM_IT.o
 .debug_macro   0x000000000001ecba      0x11a ./Core/Src/TIM_IT.o
 .debug_macro   0x000000000001edd4       0xe8 ./Core/Src/TIM_IT.o
 .debug_macro   0x000000000001eebc       0x89 ./Core/Src/TIM_IT.o
 .debug_macro   0x000000000001ef45      0x8e6 ./Core/Src/TIM_IT.o
 .debug_macro   0x000000000001f82b       0x4d ./Core/Src/TIM_IT.o
 .debug_macro   0x000000000001f878      0x126 ./Core/Src/TIM_IT.o
 .debug_macro   0x000000000001f99e      0x18a ./Core/Src/TIM_IT.o
 .debug_macro   0x000000000001fb28       0x10 ./Core/Src/TIM_IT.o
 .debug_macro   0x000000000001fb38      0x3d1 ./Core/Src/TIM_IT.o
 .debug_macro   0x000000000001ff09       0x18 ./Core/Src/TIM_IT.o
 .debug_macro   0x000000000001ff21       0x52 ./Core/Src/TIM_IT.o
 .debug_macro   0x000000000001ff73       0x1e ./Core/Src/TIM_IT.o
 .debug_macro   0x000000000001ff91       0x3c ./Core/Src/TIM_IT.o
 .debug_macro   0x000000000001ffcd       0x34 ./Core/Src/TIM_IT.o
 .debug_macro   0x0000000000020001       0x16 ./Core/Src/TIM_IT.o
 .debug_macro   0x0000000000020017       0x43 ./Core/Src/TIM_IT.o
 .debug_macro   0x000000000002005a       0x34 ./Core/Src/TIM_IT.o
 .debug_macro   0x000000000002008e       0x10 ./Core/Src/TIM_IT.o
 .debug_macro   0x000000000002009e       0x58 ./Core/Src/TIM_IT.o
 .debug_macro   0x00000000000200f6       0x71 ./Core/Src/TIM_IT.o
 .debug_macro   0x0000000000020167       0x16 ./Core/Src/TIM_IT.o
 .debug_macro   0x000000000002017d      0x12a ./Core/Src/TIM_IT.o
 .debug_macro   0x00000000000202a7      0x364 ./Core/Src/TIM_IT.o
 .debug_macro   0x000000000002060b      0x194 ./Core/Src/TIM_IT.o
 .debug_macro   0x000000000002079f       0x10 ./Core/Src/TIM_IT.o
 .debug_macro   0x00000000000207af       0x16 ./Core/Src/TIM_IT.o
 .debug_macro   0x00000000000207c5       0x35 ./Core/Src/TIM_IT.o
 .debug_macro   0x00000000000207fa       0x16 ./Core/Src/TIM_IT.o
 .debug_macro   0x0000000000020810       0x29 ./Core/Src/TIM_IT.o
 .debug_macro   0x0000000000020839       0x10 ./Core/Src/TIM_IT.o
 .debug_macro   0x0000000000020849      0x3c7 ./Core/Src/TIM_IT.o
 .debug_macro   0x0000000000020c10       0x28 ./Core/Src/TIM_IT.o
 .debug_macro   0x0000000000020c38       0x3a ./Core/Src/TIM_IT.o
 .debug_macro   0x0000000000020c72      0x2b3 ./Core/Src/main.o
 .debug_macro   0x0000000000020f25      0xa78 ./Core/Src/main.o
 .debug_macro   0x000000000002199d     0x102d ./Core/Src/main.o
 .debug_macro   0x00000000000229ca      0x174 ./Core/Src/main.o
 .debug_macro   0x0000000000022b3e       0x34 ./Core/Src/main.o
 .debug_macro   0x0000000000022b72       0x43 ./Core/Src/main.o
 .debug_macro   0x0000000000022bb5       0x1c ./Core/Src/main.o
 .debug_macro   0x0000000000022bd1      0x341 ./Core/Src/main.o
 .debug_macro   0x0000000000022f12      0x19b ./Core/Src/main.o
 .debug_macro   0x00000000000230ad      0x357 ./Core/Src/mainpp.o
 .debug_macro   0x0000000000023404      0x33f ./Core/Src/shooter.o
 .debug_macro   0x0000000000023743      0x33f ./Core/Src/shooter_base.o
 .debug_macro   0x0000000000023a82      0x2b3 ./Core/Src/stm32f4xx_hal_msp.o
 .debug_macro   0x0000000000023d35      0x2bd ./Core/Src/stm32f4xx_it.o
 .debug_macro   0x0000000000023ff2      0x1c4 ./Core/Src/system_stm32f4xx.o
 .debug_macro   0x00000000000241b6      0x224 ./Drivers/STM32F4xx_HAL_Driver/Src/stm32f4xx_hal.o
 .debug_macro   0x00000000000243da      0x1c4 ./Drivers/STM32F4xx_HAL_Driver/Src/stm32f4xx_hal_cortex.o
 .debug_macro   0x000000000002459e      0x1ca ./Drivers/STM32F4xx_HAL_Driver/Src/stm32f4xx_hal_gpio.o
 .debug_macro   0x0000000000024768      0x1e8 ./Drivers/STM32F4xx_HAL_Driver/Src/stm32f4xx_hal_rcc.o
 .debug_macro   0x0000000000024950      0x1c4 ./Drivers/STM32F4xx_HAL_Driver/Src/stm32f4xx_hal_rcc_ex.o
 .debug_macro   0x0000000000024b14      0x1c5 ./Drivers/STM32F4xx_HAL_Driver/Src/stm32f4xx_hal_tim.o
 .debug_macro   0x0000000000024cd9      0x1c4 ./Drivers/STM32F4xx_HAL_Driver/Src/stm32f4xx_hal_tim_ex.o

.debug_line     0x0000000000000000     0xe8b2
 .debug_line    0x0000000000000000      0xbdc ./Core/Src/TIM_IT.o
 .debug_line    0x0000000000000bdc      0xb8b ./Core/Src/main.o
 .debug_line    0x0000000000001767      0xc0e ./Core/Src/mainpp.o
 .debug_line    0x0000000000002375      0xc96 ./Core/Src/shooter.o
 .debug_line    0x000000000000300b      0xcca ./Core/Src/shooter_base.o
 .debug_line    0x0000000000003cd5      0x9e3 ./Core/Src/stm32f4xx_hal_msp.o
 .debug_line    0x00000000000046b8      0x8ea ./Core/Src/stm32f4xx_it.o
 .debug_line    0x0000000000004fa2      0x725 ./Core/Src/system_stm32f4xx.o
 .debug_line    0x00000000000056c7       0x88 ./Core/Startup/startup_stm32f446retx.o
 .debug_line    0x000000000000574f      0x98b ./Drivers/STM32F4xx_HAL_Driver/Src/stm32f4xx_hal.o
 .debug_line    0x00000000000060da      0xc3a ./Drivers/STM32F4xx_HAL_Driver/Src/stm32f4xx_hal_cortex.o
 .debug_line    0x0000000000006d14      0xaeb ./Drivers/STM32F4xx_HAL_Driver/Src/stm32f4xx_hal_gpio.o
 .debug_line    0x00000000000077ff      0xd11 ./Drivers/STM32F4xx_HAL_Driver/Src/stm32f4xx_hal_rcc.o
 .debug_line    0x0000000000008510     0x139b ./Drivers/STM32F4xx_HAL_Driver/Src/stm32f4xx_hal_rcc_ex.o
 .debug_line    0x00000000000098ab     0x367f ./Drivers/STM32F4xx_HAL_Driver/Src/stm32f4xx_hal_tim.o
 .debug_line    0x000000000000cf2a     0x1988 ./Drivers/STM32F4xx_HAL_Driver/Src/stm32f4xx_hal_tim_ex.o

.debug_str      0x0000000000000000    0xd07c8
 .debug_str     0x0000000000000000    0xcd48d ./Core/Src/TIM_IT.o
                                      0xcda03 (size before relaxing)
 .debug_str     0x00000000000cd48d      0xa0b ./Core/Src/main.o
                                      0xcb4c5 (size before relaxing)
 .debug_str     0x00000000000cde98       0x73 ./Core/Src/mainpp.o
                                      0xcd945 (size before relaxing)
 .debug_str     0x00000000000cdf0b       0xa5 ./Core/Src/shooter.o
                                      0xcdad3 (size before relaxing)
 .debug_str     0x00000000000cdfb0       0x97 ./Core/Src/shooter_base.o
                                      0xcdb2a (size before relaxing)
 .debug_str     0x00000000000ce047      0x62c ./Core/Src/stm32f4xx_hal_msp.o
                                      0xcb591 (size before relaxing)
 .debug_str     0x00000000000ce673       0xec ./Core/Src/stm32f4xx_it.o
                                      0xcae4d (size before relaxing)
 .debug_str     0x00000000000ce75f       0xdb ./Core/Src/system_stm32f4xx.o
                                      0xc7371 (size before relaxing)
 .debug_str     0x00000000000ce83a       0x36 ./Core/Startup/startup_stm32f446retx.o
                                         0x71 (size before relaxing)
 .debug_str     0x00000000000ce870      0x5b3 ./Drivers/STM32F4xx_HAL_Driver/Src/stm32f4xx_hal.o
                                      0xc7f36 (size before relaxing)
 .debug_str     0x00000000000cee23      0x332 ./Drivers/STM32F4xx_HAL_Driver/Src/stm32f4xx_hal_cortex.o
                                      0xc7c44 (size before relaxing)
 .debug_str     0x00000000000cf155      0x121 ./Drivers/STM32F4xx_HAL_Driver/Src/stm32f4xx_hal_gpio.o
                                      0xc74ec (size before relaxing)
 .debug_str     0x00000000000cf276      0x228 ./Drivers/STM32F4xx_HAL_Driver/Src/stm32f4xx_hal_rcc.o
                                      0xc77aa (size before relaxing)
 .debug_str     0x00000000000cf49e      0x324 ./Drivers/STM32F4xx_HAL_Driver/Src/stm32f4xx_hal_rcc_ex.o
                                      0xc77dd (size before relaxing)
 .debug_str     0x00000000000cf7c2      0xc25 ./Drivers/STM32F4xx_HAL_Driver/Src/stm32f4xx_hal_tim.o
                                      0xc86c6 (size before relaxing)
 .debug_str     0x00000000000d03e7      0x3e1 ./Drivers/STM32F4xx_HAL_Driver/Src/stm32f4xx_hal_tim_ex.o
                                      0xc7ee2 (size before relaxing)

.comment        0x0000000000000000       0x50
 .comment       0x0000000000000000       0x50 ./Core/Src/TIM_IT.o
                                         0x51 (size before relaxing)
 .comment       0x0000000000000050       0x51 ./Core/Src/main.o
 .comment       0x0000000000000050       0x51 ./Core/Src/mainpp.o
 .comment       0x0000000000000050       0x51 ./Core/Src/shooter.o
 .comment       0x0000000000000050       0x51 ./Core/Src/shooter_base.o
 .comment       0x0000000000000050       0x51 ./Core/Src/stm32f4xx_hal_msp.o
 .comment       0x0000000000000050       0x51 ./Core/Src/stm32f4xx_it.o
 .comment       0x0000000000000050       0x51 ./Core/Src/system_stm32f4xx.o
 .comment       0x0000000000000050       0x51 ./Drivers/STM32F4xx_HAL_Driver/Src/stm32f4xx_hal.o
 .comment       0x0000000000000050       0x51 ./Drivers/STM32F4xx_HAL_Driver/Src/stm32f4xx_hal_cortex.o
 .comment       0x0000000000000050       0x51 ./Drivers/STM32F4xx_HAL_Driver/Src/stm32f4xx_hal_gpio.o
 .comment       0x0000000000000050       0x51 ./Drivers/STM32F4xx_HAL_Driver/Src/stm32f4xx_hal_rcc.o
 .comment       0x0000000000000050       0x51 ./Drivers/STM32F4xx_HAL_Driver/Src/stm32f4xx_hal_rcc_ex.o
 .comment       0x0000000000000050       0x51 ./Drivers/STM32F4xx_HAL_Driver/Src/stm32f4xx_hal_tim.o
 .comment       0x0000000000000050       0x51 ./Drivers/STM32F4xx_HAL_Driver/Src/stm32f4xx_hal_tim_ex.o

.debug_frame    0x0000000000000000     0x2ce0
 .debug_frame   0x0000000000000000       0x34 ./Core/Src/TIM_IT.o
 .debug_frame   0x0000000000000034      0x188 ./Core/Src/main.o
 .debug_frame   0x00000000000001bc       0x48 ./Core/Src/mainpp.o
 .debug_frame   0x0000000000000204       0x2c ./Core/Src/shooter.o
 .debug_frame   0x0000000000000230       0x3c ./Core/Src/shooter_base.o
 .debug_frame   0x000000000000026c      0x13c ./Core/Src/stm32f4xx_hal_msp.o
 .debug_frame   0x00000000000003a8      0x120 ./Core/Src/stm32f4xx_it.o
 .debug_frame   0x00000000000004c8       0x58 ./Core/Src/system_stm32f4xx.o
 .debug_frame   0x0000000000000520      0x374 ./Drivers/STM32F4xx_HAL_Driver/Src/stm32f4xx_hal.o
 .debug_frame   0x0000000000000894      0x498 ./Drivers/STM32F4xx_HAL_Driver/Src/stm32f4xx_hal_cortex.o
 .debug_frame   0x0000000000000d2c      0x14c ./Drivers/STM32F4xx_HAL_Driver/Src/stm32f4xx_hal_gpio.o
 .debug_frame   0x0000000000000e78      0x1f4 ./Drivers/STM32F4xx_HAL_Driver/Src/stm32f4xx_hal_rcc.o
 .debug_frame   0x000000000000106c      0x1e8 ./Drivers/STM32F4xx_HAL_Driver/Src/stm32f4xx_hal_rcc_ex.o
 .debug_frame   0x0000000000001254     0x11c4 ./Drivers/STM32F4xx_HAL_Driver/Src/stm32f4xx_hal_tim.o
 .debug_frame   0x0000000000002418      0x638 ./Drivers/STM32F4xx_HAL_Driver/Src/stm32f4xx_hal_tim_ex.o
 .debug_frame   0x0000000000002a50       0x2c c:/st/stm32cubeide_1.10.1/stm32cubeide/plugins/com.st.stm32cube.ide.mcu.externaltools.gnu-tools-for-stm32.10.3-2021.10.win32_1.0.0.202111181127/tools/bin/../lib/gcc/arm-none-eabi/10.3.1/../../../../arm-none-eabi/lib/thumb/v7e-m+fp/hard\libc_nano.a(lib_a-init.o)
 .debug_frame   0x0000000000002a7c       0x20 c:/st/stm32cubeide_1.10.1/stm32cubeide/plugins/com.st.stm32cube.ide.mcu.externaltools.gnu-tools-for-stm32.10.3-2021.10.win32_1.0.0.202111181127/tools/bin/../lib/gcc/arm-none-eabi/10.3.1/../../../../arm-none-eabi/lib/thumb/v7e-m+fp/hard\libc_nano.a(lib_a-memset.o)
 .debug_frame   0x0000000000002a9c       0xac c:/st/stm32cubeide_1.10.1/stm32cubeide/plugins/com.st.stm32cube.ide.mcu.externaltools.gnu-tools-for-stm32.10.3-2021.10.win32_1.0.0.202111181127/tools/bin/../lib/gcc/arm-none-eabi/10.3.1/thumb/v7e-m+fp/hard\libgcc.a(_arm_addsubdf3.o)
 .debug_frame   0x0000000000002b48       0x50 c:/st/stm32cubeide_1.10.1/stm32cubeide/plugins/com.st.stm32cube.ide.mcu.externaltools.gnu-tools-for-stm32.10.3-2021.10.win32_1.0.0.202111181127/tools/bin/../lib/gcc/arm-none-eabi/10.3.1/thumb/v7e-m+fp/hard\libgcc.a(_arm_muldivdf3.o)
 .debug_frame   0x0000000000002b98       0xc4 c:/st/stm32cubeide_1.10.1/stm32cubeide/plugins/com.st.stm32cube.ide.mcu.externaltools.gnu-tools-for-stm32.10.3-2021.10.win32_1.0.0.202111181127/tools/bin/../lib/gcc/arm-none-eabi/10.3.1/thumb/v7e-m+fp/hard\libgcc.a(_arm_cmpdf2.o)
 .debug_frame   0x0000000000002c5c       0x24 c:/st/stm32cubeide_1.10.1/stm32cubeide/plugins/com.st.stm32cube.ide.mcu.externaltools.gnu-tools-for-stm32.10.3-2021.10.win32_1.0.0.202111181127/tools/bin/../lib/gcc/arm-none-eabi/10.3.1/thumb/v7e-m+fp/hard\libgcc.a(_arm_fixunsdfsi.o)
 .debug_frame   0x0000000000002c80       0x2c c:/st/stm32cubeide_1.10.1/stm32cubeide/plugins/com.st.stm32cube.ide.mcu.externaltools.gnu-tools-for-stm32.10.3-2021.10.win32_1.0.0.202111181127/tools/bin/../lib/gcc/arm-none-eabi/10.3.1/thumb/v7e-m+fp/hard\libgcc.a(_aeabi_uldivmod.o)
 .debug_frame   0x0000000000002cac       0x34 c:/st/stm32cubeide_1.10.1/stm32cubeide/plugins/com.st.stm32cube.ide.mcu.externaltools.gnu-tools-for-stm32.10.3-2021.10.win32_1.0.0.202111181127/tools/bin/../lib/gcc/arm-none-eabi/10.3.1/thumb/v7e-m+fp/hard\libgcc.a(_udivmoddi4.o)
