../Core/Src/main.c:77:5:main	8	static
../Core/Src/main.c:145:6:SystemClock_Config	88	static
../Core/Src/main.c:193:13:MX_TIM1_Init	56	static
../Core/Src/main.c:243:13:MX_TIM2_Init	56	static
../Core/Src/main.c:292:13:MX_TIM3_Init	56	static
../Core/Src/main.c:341:13:MX_TIM4_Init	48	static
../Core/Src/main.c:394:13:MX_TIM5_Init	32	static
../Core/Src/main.c:439:13:MX_TIM8_Init	80	static
../Core/Src/main.c:504:13:MX_TIM12_Init	40	static
../Core/Src/main.c:550:13:MX_GPIO_Init	48	static
../Core/Src/main.c:621:6:Error_Handler	4	static,ignoring_inline_asm
